E:\2nd Year DMS Coursework\CW2025Test\src\main\java\com\comp2042\app\DownData.java
E:\2nd Year DMS Coursework\CW2025Test\src\main\java\com\comp2042\app\Launcher.java
E:\2nd Year DMS Coursework\CW2025Test\src\main\java\com\comp2042\app\Main.java
E:\2nd Year DMS Coursework\CW2025Test\src\main\java\com\comp2042\controller\GameController.java
E:\2nd Year DMS Coursework\CW2025Test\src\main\java\com\comp2042\controller\InputEventListener.java
E:\2nd Year DMS Coursework\CW2025Test\src\main\java\com\comp2042\controller\InputHandler.java
E:\2nd Year DMS Coursework\CW2025Test\src\main\java\com\comp2042\controller\SceneManager.java
E:\2nd Year DMS Coursework\CW2025Test\src\main\java\com\comp2042\data\EventSource.java
E:\2nd Year DMS Coursework\CW2025Test\src\main\java\com\comp2042\data\EventType.java
E:\2nd Year DMS Coursework\CW2025Test\src\main\java\com\comp2042\data\MoveEvent.java
E:\2nd Year DMS Coursework\CW2025Test\src\main\java\com\comp2042\data\ViewData.java
E:\2nd Year DMS Coursework\CW2025Test\src\main\java\com\comp2042\logic\bricks\Brick.java
E:\2nd Year DMS Coursework\CW2025Test\src\main\java\com\comp2042\logic\bricks\BrickGenerator.java
E:\2nd Year DMS Coursework\CW2025Test\src\main\java\com\comp2042\logic\bricks\IBrick.java
E:\2nd Year DMS Coursework\CW2025Test\src\main\java\com\comp2042\logic\bricks\JBrick.java
E:\2nd Year DMS Coursework\CW2025Test\src\main\java\com\comp2042\logic\bricks\LBrick.java
E:\2nd Year DMS Coursework\CW2025Test\src\main\java\com\comp2042\logic\bricks\OBrick.java
E:\2nd Year DMS Coursework\CW2025Test\src\main\java\com\comp2042\logic\bricks\RandomBrickGenerator.java
E:\2nd Year DMS Coursework\CW2025Test\src\main\java\com\comp2042\logic\bricks\SBrick.java
E:\2nd Year DMS Coursework\CW2025Test\src\main\java\com\comp2042\logic\bricks\TBrick.java
E:\2nd Year DMS Coursework\CW2025Test\src\main\java\com\comp2042\logic\bricks\ZBrick.java
E:\2nd Year DMS Coursework\CW2025Test\src\main\java\com\comp2042\model\Block.java
E:\2nd Year DMS Coursework\CW2025Test\src\main\java\com\comp2042\model\Board.java
E:\2nd Year DMS Coursework\CW2025Test\src\main\java\com\comp2042\model\GameConstants.java
E:\2nd Year DMS Coursework\CW2025Test\src\main\java\com\comp2042\model\HighScoreManager.java
E:\2nd Year DMS Coursework\CW2025Test\src\main\java\com\comp2042\model\LevelManager.java
E:\2nd Year DMS Coursework\CW2025Test\src\main\java\com\comp2042\model\NextShapeInfo.java
E:\2nd Year DMS Coursework\CW2025Test\src\main\java\com\comp2042\model\Score.java
E:\2nd Year DMS Coursework\CW2025Test\src\main\java\com\comp2042\model\SimpleBoard.java
E:\2nd Year DMS Coursework\CW2025Test\src\main\java\com\comp2042\render\BlockRenderer.java
E:\2nd Year DMS Coursework\CW2025Test\src\main\java\com\comp2042\render\BoardDisplayManager.java
E:\2nd Year DMS Coursework\CW2025Test\src\main\java\com\comp2042\render\GameEffects.java
E:\2nd Year DMS Coursework\CW2025Test\src\main\java\com\comp2042\render\PhantomManager.java
E:\2nd Year DMS Coursework\CW2025Test\src\main\java\com\comp2042\ui\ControlsDialog.java
E:\2nd Year DMS Coursework\CW2025Test\src\main\java\com\comp2042\ui\GameOverPanel.java
E:\2nd Year DMS Coursework\CW2025Test\src\main\java\com\comp2042\ui\LayoutManager.java
E:\2nd Year DMS Coursework\CW2025Test\src\main\java\com\comp2042\ui\NotificationPanel.java
E:\2nd Year DMS Coursework\CW2025Test\src\main\java\com\comp2042\ui\PauseMenuDialog.java
E:\2nd Year DMS Coursework\CW2025Test\src\main\java\com\comp2042\util\BrickRotator.java
E:\2nd Year DMS Coursework\CW2025Test\src\main\java\com\comp2042\util\ClearRow.java
E:\2nd Year DMS Coursework\CW2025Test\src\main\java\com\comp2042\util\FontLoader.java
E:\2nd Year DMS Coursework\CW2025Test\src\main\java\com\comp2042\util\MatrixOperations.java
E:\2nd Year DMS Coursework\CW2025Test\src\main\java\com\comp2042\view\GuiController.java
E:\2nd Year DMS Coursework\CW2025Test\src\main\java\com\comp2042\view\MenuController.java
